// Jest Snapshot v1, https://goo.gl/fbAQLP

exports[`Should return correct shape 1`] = `
Object {
  "errors": Array [],
  "initialValues": Object {
    "isBillingAddressSame": false,
  },
  "isBillingAddressSame": false,
  "shippingAddressCountry": "UK",
}
`;
