// Jest Snapshot v1, https://goo.gl/fbAQLP

exports[`returns correct shape 1`] = `
Object {
  "error": undefined,
  "handleContentToggle": [Function],
  "handleLoadMore": [Function],
  "isFetchingMore": false,
  "isLoading": false,
  "isOpen": true,
  "items": Array [],
}
`;
